2026-05-19 17:19:02,038 INFO Test.LoginTest [main] Data fetched from Excel
2026-05-19 17:19:02,046 INFO Test.LoginTest [main] Home page opened
2026-05-19 17:19:03,115 INFO Test.LoginTest [main] Login page opened
2026-05-19 17:19:03,134 INFO Test.LoginTest [main] Login validation successful
2026-05-19 17:19:03,134 INFO Test.LoginTest [main] Test Completed
2026-05-21 19:28:00,678 INFO Test.LoginTest [main] Data fetched from Excel
2026-05-21 19:28:00,686 INFO Test.LoginTest [main] Home page opened
2026-05-21 19:28:01,431 INFO Test.LoginTest [main] Login page opened
2026-05-21 19:28:01,445 INFO Test.LoginTest [main] Login validation successful
2026-05-21 19:28:01,445 INFO Test.LoginTest [main] Test Completed
2026-06-04 19:16:01,596 INFO Test.LoginTest [main] Data fetched from Excel
2026-06-04 19:16:01,602 INFO Test.LoginTest [main] Home page opened
2026-06-04 19:16:02,530 INFO Test.LoginTest [main] Login page opened
2026-06-04 19:16:02,547 INFO Test.LoginTest [main] Login validation successful
2026-06-04 19:16:02,548 INFO Test.LoginTest [main] Test Completed
2026-06-05 15:40:13,013 INFO Test.LoginTest [main] Data fetched from Excel
2026-06-05 15:40:13,020 INFO Test.LoginTest [main] Home page opened
2026-06-05 15:40:14,142 INFO Test.LoginTest [main] Login page opened
2026-06-05 15:40:14,167 INFO Test.LoginTest [main] Login validation successful
2026-06-05 15:40:14,167 INFO Test.LoginTest [main] Test Completed
2026-06-05 15:49:23,103 INFO Test.LoginTest [main] Data fetched from Excel
2026-06-05 15:49:23,108 INFO Test.LoginTest [main] Home page opened
2026-06-05 15:49:24,075 INFO Test.LoginTest [main] Login page opened
2026-06-05 15:49:24,091 INFO Test.LoginTest [main] Login validation successful
2026-06-05 15:49:24,091 INFO Test.LoginTest [main] Test Completed
2026-06-05 15:50:56,533 INFO Test.LoginTest [main] Data fetched from Excel
2026-06-05 15:50:56,539 INFO Test.LoginTest [main] Home page opened
2026-06-05 15:50:57,525 INFO Test.LoginTest [main] Login page opened
2026-06-05 15:50:57,544 INFO Test.LoginTest [main] Login validation successful
2026-06-05 15:50:57,544 INFO Test.LoginTest [main] Test Completed
2026-06-05 16:05:15,479 INFO Test.LoginTest [main] Data fetched from Excel
2026-06-05 16:05:15,485 INFO Test.LoginTest [main] Home page opened
2026-06-05 16:05:16,517 INFO Test.LoginTest [main] Login page opened
2026-06-05 16:05:16,557 INFO Test.LoginTest [main] Login validation successful
2026-06-05 16:05:16,557 INFO Test.LoginTest [main] Test Completed
2026-06-05 17:55:08,968 INFO Test.LoginTest [main] Data fetched from Excel
2026-06-05 17:55:08,975 INFO Test.LoginTest [main] Home page opened
2026-06-05 17:55:09,796 INFO Test.LoginTest [main] Login page opened
2026-06-05 17:55:09,816 INFO Test.LoginTest [main] Login validation successful
2026-06-05 17:55:09,817 INFO Test.LoginTest [main] Test Completed
2026-06-09 16:51:51,914 INFO Test.LoginTest [main] Data fetched from Excel
2026-06-09 16:51:51,920 INFO Test.LoginTest [main] Home page opened
2026-06-09 16:51:52,782 INFO Test.LoginTest [main] Login page opened
2026-06-09 16:51:52,800 INFO Test.LoginTest [main] Login validation successful
2026-06-09 16:51:52,800 INFO Test.LoginTest [main] Test Completed
2026-06-09 18:22:53,150 INFO Test.LoginTest [main] Data fetched from Excel
2026-06-09 18:22:53,155 INFO Test.LoginTest [main] Home page opened
2026-06-09 18:22:53,989 INFO Test.LoginTest [main] Login page opened
2026-06-09 18:22:54,004 INFO Test.LoginTest [main] Login validation successful
2026-06-09 18:22:54,005 INFO Test.LoginTest [main] Test Completed
